exports[`Greeter says hello 1`] = `
<div>
  Hello 
  <span>
    Marty
  </span>
</div>
`;

exports[`Greetings greets all people 1`] = `
<ul>
  <Greeter
    name="Jane" />
  <Greeter
    name="Jill" />
  <Greeter
    name="Joey" />
</ul>
`;
